[2026-05-20 16:37:47] ========================================
[2026-05-20 16:37:47] Integrity Check Started
[2026-05-20 16:37:47] Integrity Check Completed
[2026-05-20 16:37:47] ========================================
[2026-05-20 17:03:27] ========================================
[2026-05-20 17:03:27] Integrity Check Started
[2026-05-20 17:03:27] Integrity Check Completed
[2026-05-20 17:03:27] ========================================
[2026-05-20 18:03:16] ========================================
[2026-05-20 18:03:16] Integrity Check Started
[2026-05-20 18:03:17] Integrity Check Completed
[2026-05-20 18:03:17] ========================================
[2026-05-20 18:03:50] ========================================
[2026-05-20 18:03:50] Integrity Check Started
[2026-05-20 18:03:50] All OK: 33 files verified, 0 new files
[2026-05-20 18:03:50] Integrity Check Completed
[2026-05-20 18:03:50] ========================================
[2026-05-21 08:50:41] ========================================
[2026-05-21 08:50:41] Integrity Check Started
[2026-05-21 08:50:41] Integrity Check Completed
[2026-05-21 08:50:41] ========================================
[2026-05-21 09:07:27] ========================================
[2026-05-21 09:07:27] Integrity Check Started
[2026-05-21 09:07:27] Integrity Check Completed
[2026-05-21 09:07:27] ========================================
[2026-05-21 10:05:52] ========================================
[2026-05-21 10:05:52] Integrity Check Started
[2026-05-21 10:05:52] Integrity Check Completed
[2026-05-21 10:05:52] ========================================
[2026-05-21 10:07:18] ========================================
[2026-05-21 10:07:18] Integrity Check Started
[2026-05-21 10:07:18] All OK: 33 files verified, 0 new files
[2026-05-21 10:07:18] Integrity Check Completed
[2026-05-21 10:07:18] ========================================
[2026-05-21 11:03:47] ========================================
[2026-05-21 11:03:47] Integrity Check Started
[2026-05-21 11:03:47] Integrity Check Completed
[2026-05-21 11:03:47] ========================================
[2026-05-21 11:04:43] ========================================
[2026-05-21 11:04:43] Integrity Check Started
[2026-05-21 11:04:43] All OK: 33 files verified, 0 new files
[2026-05-21 11:04:43] Integrity Check Completed
[2026-05-21 11:04:43] ========================================
[2026-05-21 12:57:18] ========================================
[2026-05-21 12:57:18] Integrity Check Started
[2026-05-21 12:57:18] Integrity Check Completed
[2026-05-21 12:57:18] ========================================
[2026-05-21 13:03:18] ========================================
[2026-05-21 13:03:18] Integrity Check Started
[2026-05-21 13:03:18] Integrity Check Completed
[2026-05-21 13:03:18] ========================================
[2026-05-21 14:04:03] ========================================
[2026-05-21 14:04:03] Integrity Check Started
[2026-05-21 14:04:03] Integrity Check Completed
[2026-05-21 14:04:03] ========================================
[2026-05-21 15:03:30] ========================================
[2026-05-21 15:03:30] Integrity Check Started
[2026-05-21 15:03:30] Integrity Check Completed
[2026-05-21 15:03:30] ========================================
[2026-05-21 16:03:28] ========================================
[2026-05-21 16:03:28] Integrity Check Started
[2026-05-21 16:03:28] Integrity Check Completed
[2026-05-21 16:03:28] ========================================
[2026-05-21 16:03:47] ========================================
[2026-05-21 16:03:47] Integrity Check Started
[2026-05-21 16:03:47] All OK: 33 files verified, 0 new files
[2026-05-21 16:03:47] Integrity Check Completed
[2026-05-21 16:03:47] ========================================
[2026-05-21 17:09:34] ========================================
[2026-05-21 17:09:34] Integrity Check Started
[2026-05-21 17:09:35] Integrity Check Completed
[2026-05-21 17:09:35] ========================================
[2026-05-21 17:09:43] ========================================
[2026-05-21 17:09:43] Integrity Check Started
[2026-05-21 17:09:43] All OK: 33 files verified, 0 new files
[2026-05-21 17:09:43] Integrity Check Completed
[2026-05-21 17:09:43] ========================================
[2026-05-21 18:03:53] ========================================
[2026-05-21 18:03:53] Integrity Check Started
[2026-05-21 18:03:53] Integrity Check Completed
[2026-05-21 18:03:53] ========================================
[2026-05-22 09:04:14] ========================================
[2026-05-22 09:04:14] Integrity Check Started
[2026-05-22 09:04:14] Integrity Check Completed
[2026-05-22 09:04:14] ========================================
[2026-05-22 10:06:05] ========================================
[2026-05-22 10:06:05] Integrity Check Started
[2026-05-22 10:06:05] Integrity Check Completed
[2026-05-22 10:06:05] ========================================
[2026-05-22 10:07:37] ========================================
[2026-05-22 10:07:37] Integrity Check Started
[2026-05-22 10:07:37] All OK: 33 files verified, 0 new files
[2026-05-22 10:07:37] Integrity Check Completed
[2026-05-22 10:07:37] ========================================
[2026-05-22 11:03:48] ========================================
[2026-05-22 11:03:48] Integrity Check Started
[2026-05-22 11:03:48] Integrity Check Completed
[2026-05-22 11:03:48] ========================================
[2026-05-22 12:04:09] ========================================
[2026-05-22 12:04:09] Integrity Check Started
[2026-05-22 12:04:09] Integrity Check Completed
[2026-05-22 12:04:09] ========================================
[2026-05-22 14:04:14] ========================================
[2026-05-22 14:04:14] Integrity Check Started
[2026-05-22 14:04:14] Integrity Check Completed
[2026-05-22 14:04:14] ========================================
[2026-05-22 15:03:55] ========================================
[2026-05-22 15:03:55] Integrity Check Started
[2026-05-22 15:03:55] Integrity Check Completed
[2026-05-22 15:03:55] ========================================
[2026-05-22 15:04:20] ========================================
[2026-05-22 15:04:20] Integrity Check Started
[2026-05-22 15:04:20] All OK: 33 files verified, 0 new files
[2026-05-22 15:04:20] Integrity Check Completed
[2026-05-22 15:04:20] ========================================
[2026-05-22 16:03:15] ========================================
[2026-05-22 16:03:15] Integrity Check Started
[2026-05-22 16:03:15] Integrity Check Completed
[2026-05-22 16:03:15] ========================================
[2026-05-22 16:03:41] ========================================
[2026-05-22 16:03:41] Integrity Check Started
[2026-05-22 16:03:41] All OK: 33 files verified, 3 new files
[2026-05-22 16:03:41] Integrity Check Completed
[2026-05-22 16:03:41] ========================================
[2026-05-23 09:39:36] ========================================
[2026-05-23 09:39:36] Integrity Check Started
[2026-05-23 09:39:37] Integrity Check Completed
[2026-05-23 09:39:37] ========================================
[2026-05-23 09:39:42] ========================================
[2026-05-23 09:39:42] Integrity Check Started
[2026-05-23 09:39:42] All OK: 33 files verified, 4 new files
[2026-05-23 09:39:42] Integrity Check Completed
[2026-05-23 09:39:42] ========================================
[2026-05-23 17:48:29] ========================================
[2026-05-23 17:48:29] Integrity Check Started
[2026-05-23 17:48:29] Integrity Check Completed
[2026-05-23 17:48:29] ========================================
[2026-05-23 17:48:41] ========================================
[2026-05-23 17:48:41] Integrity Check Started
[2026-05-23 17:48:41] All OK: 33 files verified, 4 new files
[2026-05-23 17:48:41] Integrity Check Completed
[2026-05-23 17:48:41] ========================================
[2026-05-24 09:37:20] ========================================
[2026-05-24 09:37:20] Integrity Check Started
[2026-05-24 09:37:20] Integrity Check Completed
[2026-05-24 09:37:20] ========================================
[2026-05-24 09:37:26] ========================================
[2026-05-24 09:37:26] Integrity Check Started
[2026-05-24 09:37:26] All OK: 33 files verified, 4 new files
[2026-05-24 09:37:26] Integrity Check Completed
[2026-05-24 09:37:26] ========================================
[2026-05-27 09:43:12] ========================================
[2026-05-27 09:43:12] Integrity Check Started
[2026-05-27 09:43:12] Integrity Check Completed
[2026-05-27 09:43:12] ========================================
[2026-05-27 17:42:29] ========================================
[2026-05-27 17:42:29] Integrity Check Started
[2026-05-27 17:42:29] Integrity Check Completed
[2026-05-27 17:42:29] ========================================
[2026-05-27 17:42:35] ========================================
[2026-05-27 17:42:35] Integrity Check Started
[2026-05-27 17:42:35] Integrity Check Completed
[2026-05-27 17:42:35] ========================================
[2026-05-27 17:42:43] ========================================
[2026-05-27 17:42:43] Integrity Check Started
[2026-05-27 17:42:43] All OK: 33 files verified, 4 new files
[2026-05-27 17:42:43] Integrity Check Completed
[2026-05-27 17:42:43] ========================================
[2026-05-28 17:45:57] ========================================
[2026-05-28 17:45:57] Integrity Check Started
[2026-05-28 17:45:58] Integrity Check Completed
[2026-05-28 17:45:58] ========================================
[2026-05-28 17:46:06] ========================================
[2026-05-28 17:46:06] Integrity Check Started
[2026-05-28 17:46:06] All OK: 33 files verified, 4 new files
[2026-05-28 17:46:06] Integrity Check Completed
[2026-05-28 17:46:06] ========================================
[2026-05-29 17:47:25] ========================================
[2026-05-29 17:47:25] Integrity Check Started
[2026-05-29 17:47:26] Integrity Check Completed
[2026-05-29 17:47:26] ========================================
[2026-05-29 17:47:32] ========================================
[2026-05-29 17:47:32] Integrity Check Started
[2026-05-29 17:47:32] All OK: 33 files verified, 4 new files
[2026-05-29 17:47:32] Integrity Check Completed
[2026-05-29 17:47:32] ========================================
[2026-05-30 09:38:30] ========================================
[2026-05-30 09:38:30] Integrity Check Started
[2026-05-30 09:38:30] Integrity Check Completed
[2026-05-30 09:38:30] ========================================
[2026-05-30 09:38:36] ========================================
[2026-05-30 09:38:36] Integrity Check Started
[2026-05-30 09:38:36] All OK: 33 files verified, 4 new files
[2026-05-30 09:38:36] Integrity Check Completed
[2026-05-30 09:38:36] ========================================
[2026-05-30 17:39:27] ========================================
[2026-05-30 17:39:27] Integrity Check Started
[2026-05-30 17:39:27] Integrity Check Completed
[2026-05-30 17:39:27] ========================================
[2026-05-30 17:40:06] ========================================
[2026-05-30 17:40:06] Integrity Check Started
[2026-05-30 17:40:06] Integrity Check Completed
[2026-05-30 17:40:06] ========================================
[2026-05-31 17:48:39] ========================================
[2026-05-31 17:48:39] Integrity Check Started
[2026-05-31 17:48:40] Integrity Check Completed
[2026-05-31 17:48:40] ========================================
[2026-05-31 17:49:10] ========================================
[2026-05-31 17:49:10] Integrity Check Started
[2026-05-31 17:49:10] All OK: 33 files verified, 4 new files
[2026-05-31 17:49:10] Integrity Check Completed
[2026-05-31 17:49:10] ========================================
[2026-06-02 17:46:31] ========================================
[2026-06-02 17:46:31] Integrity Check Started
[2026-06-02 17:46:31] Integrity Check Completed
[2026-06-02 17:46:31] ========================================
[2026-06-02 17:46:41] ========================================
[2026-06-02 17:46:41] Integrity Check Started
[2026-06-02 17:46:41] All OK: 33 files verified, 4 new files
[2026-06-02 17:46:41] Integrity Check Completed
[2026-06-02 17:46:41] ========================================
[2026-06-03 09:52:37] ========================================
[2026-06-03 09:52:37] Integrity Check Started
[2026-06-03 09:52:38] Integrity Check Completed
[2026-06-03 09:52:38] ========================================
[2026-06-04 09:49:03] ========================================
[2026-06-04 09:49:03] Integrity Check Started
[2026-06-04 09:49:04] Integrity Check Completed
[2026-06-04 09:49:04] ========================================
[2026-06-04 09:49:18] ========================================
[2026-06-04 09:49:18] Integrity Check Started
[2026-06-04 09:49:18] All OK: 33 files verified, 4 new files
[2026-06-04 09:49:18] Integrity Check Completed
[2026-06-04 09:49:18] ========================================
[2026-06-05 17:48:33] ========================================
[2026-06-05 17:48:33] Integrity Check Started
[2026-06-05 17:48:33] Integrity Check Completed
[2026-06-05 17:48:33] ========================================
[2026-06-05 17:48:43] ========================================
[2026-06-05 17:48:43] Integrity Check Started
[2026-06-05 17:48:43] All OK: 33 files verified, 4 new files
[2026-06-05 17:48:43] Integrity Check Completed
[2026-06-05 17:48:43] ========================================
[2026-06-06 17:38:39] ========================================
[2026-06-06 17:38:39] Integrity Check Started
[2026-06-06 17:38:39] Integrity Check Completed
[2026-06-06 17:38:39] ========================================
[2026-06-06 17:38:45] ========================================
[2026-06-06 17:38:45] Integrity Check Started
[2026-06-06 17:38:45] All OK: 33 files verified, 4 new files
[2026-06-06 17:38:45] Integrity Check Completed
[2026-06-06 17:38:45] ========================================
[2026-06-07 17:47:56] ========================================
[2026-06-07 17:47:56] Integrity Check Started
[2026-06-07 17:47:56] Integrity Check Completed
[2026-06-07 17:47:56] ========================================
[2026-06-07 17:48:15] ========================================
[2026-06-07 17:48:15] Integrity Check Started
[2026-06-07 17:48:15] All OK: 33 files verified, 4 new files
[2026-06-07 17:48:15] Integrity Check Completed
[2026-06-07 17:48:15] ========================================
[2026-06-08 17:44:16] ========================================
[2026-06-08 17:44:16] Integrity Check Started
[2026-06-08 17:44:17] Integrity Check Completed
[2026-06-08 17:44:17] ========================================
[2026-06-09 10:04:00] ========================================
[2026-06-09 10:04:00] Integrity Check Started
[2026-06-09 10:04:00] Integrity Check Completed
[2026-06-09 10:04:00] ========================================
[2026-06-09 11:03:02] ========================================
[2026-06-09 11:03:02] Integrity Check Started
[2026-06-09 11:03:02] Integrity Check Completed
[2026-06-09 11:03:02] ========================================
[2026-06-09 12:03:17] ========================================
[2026-06-09 12:03:17] Integrity Check Started
[2026-06-09 12:03:17] Integrity Check Completed
[2026-06-09 12:03:17] ========================================
[2026-06-09 12:03:28] ========================================
[2026-06-09 12:03:28] Integrity Check Started
[2026-06-09 12:03:28] All OK: 33 files verified, 4 new files
[2026-06-09 12:03:28] Integrity Check Completed
[2026-06-09 12:03:28] ========================================
[2026-06-09 13:02:54] ========================================
[2026-06-09 13:02:54] Integrity Check Started
[2026-06-09 13:02:54] Integrity Check Completed
[2026-06-09 13:02:54] ========================================
[2026-06-09 13:03:00] ========================================
[2026-06-09 13:03:00] Integrity Check Started
[2026-06-09 13:03:00] All OK: 33 files verified, 4 new files
[2026-06-09 13:03:00] Integrity Check Completed
[2026-06-09 13:03:00] ========================================
[2026-06-09 14:02:54] ========================================
[2026-06-09 14:02:54] Integrity Check Started
[2026-06-09 14:02:54] Integrity Check Completed
[2026-06-09 14:02:54] ========================================
[2026-06-09 15:03:03] ========================================
[2026-06-09 15:03:03] Integrity Check Started
[2026-06-09 15:03:03] Integrity Check Completed
[2026-06-09 15:03:03] ========================================
[2026-06-09 15:03:10] ========================================
[2026-06-09 15:03:10] Integrity Check Started
[2026-06-09 15:03:10] All OK: 33 files verified, 4 new files
[2026-06-09 15:03:10] Integrity Check Completed
[2026-06-09 15:03:10] ========================================
[2026-06-09 16:03:00] ========================================
[2026-06-09 16:03:00] Integrity Check Started
[2026-06-09 16:03:00] Integrity Check Completed
[2026-06-09 16:03:00] ========================================
[2026-06-09 17:03:00] ========================================
[2026-06-09 17:03:00] Integrity Check Started
[2026-06-09 17:03:00] Integrity Check Completed
[2026-06-09 17:03:00] ========================================
[2026-06-10 10:04:30] ========================================
[2026-06-10 10:04:30] Integrity Check Started
[2026-06-10 10:04:30] Integrity Check Completed
[2026-06-10 10:04:30] ========================================
[2026-06-10 11:07:51] ========================================
[2026-06-10 11:07:51] Integrity Check Started
[2026-06-10 11:07:51] Integrity Check Completed
[2026-06-10 11:07:51] ========================================
[2026-06-10 11:07:58] ========================================
[2026-06-10 11:07:58] Integrity Check Started
[2026-06-10 11:07:58] All OK: 33 files verified, 4 new files
[2026-06-10 11:07:58] Integrity Check Completed
[2026-06-10 11:07:58] ========================================
[2026-06-10 12:03:25] ========================================
[2026-06-10 12:03:25] Integrity Check Started
[2026-06-10 12:03:25] Integrity Check Completed
[2026-06-10 12:03:25] ========================================
[2026-06-10 13:03:54] ========================================
[2026-06-10 13:03:54] Integrity Check Started
[2026-06-10 13:03:54] Integrity Check Completed
[2026-06-10 13:03:54] ========================================
[2026-06-10 13:03:58] ========================================
[2026-06-10 13:03:58] Integrity Check Started
[2026-06-10 13:03:58] All OK: 33 files verified, 4 new files
[2026-06-10 13:03:58] Integrity Check Completed
[2026-06-10 13:03:58] ========================================
[2026-06-10 14:05:05] ========================================
[2026-06-10 14:05:05] Integrity Check Started
[2026-06-10 14:05:05] Integrity Check Completed
[2026-06-10 14:05:05] ========================================
[2026-06-11 09:18:37] ========================================
[2026-06-11 09:18:37] Integrity Check Started
[2026-06-11 09:18:37] Integrity Check Completed
[2026-06-11 09:18:37] ========================================
[2026-06-11 09:18:49] ========================================
[2026-06-11 09:18:49] Integrity Check Started
[2026-06-11 09:18:49] All OK: 33 files verified, 4 new files
[2026-06-11 09:18:49] Integrity Check Completed
[2026-06-11 09:18:49] ========================================
[2026-06-11 10:03:09] ========================================
[2026-06-11 10:03:09] Integrity Check Started
[2026-06-11 10:03:09] ISSUES FOUND: 0 tampered, 25 missing
[2026-06-11 10:03:09] CIRCUIT_BREAKER TRIGGERED: 知识库完整性检查失败: 0个文件被篡改, 25个文件缺失
[2026-06-11 10:03:09] Result: {'status': 'frozen', 'frozen_since': '2026-06-11T10:03:09.504623', 'reason': '知识库完整性检查失败: 0个文件被篡改, 25个文件缺失', 'operator': 'cron'}
[2026-06-11 10:03:09] Integrity Check Completed
[2026-06-11 10:03:09] ========================================
[2026-06-11 10:03:16] ========================================
[2026-06-11 10:03:16] Integrity Check Started
[2026-06-11 10:03:16] ISSUES FOUND: 0 tampered, 25 missing
[2026-06-11 10:03:16] CIRCUIT_BREAKER TRIGGERED: 知识库完整性检查失败: 0个文件被篡改, 25个文件缺失
[2026-06-11 10:03:16] Result: {'status': 'already_frozen', 'reason': '系统已处于熔断状态'}
[2026-06-11 10:03:16] Integrity Check Completed
[2026-06-11 10:03:16] ========================================
[2026-06-11 11:02:53] ========================================
[2026-06-11 11:02:53] Integrity Check Started
[2026-06-11 11:02:53] ISSUES FOUND: 0 tampered, 25 missing
[2026-06-11 11:02:53] CIRCUIT_BREAKER TRIGGERED: 知识库完整性检查失败: 0个文件被篡改, 25个文件缺失
[2026-06-11 11:02:53] Result: {'status': 'already_frozen', 'reason': '系统已处于熔断状态'}
[2026-06-11 11:02:53] Integrity Check Completed
[2026-06-11 11:02:53] ========================================
[2026-06-11 12:02:54] ========================================
[2026-06-11 12:02:54] Integrity Check Started
[2026-06-11 12:02:54] ISSUES FOUND: 0 tampered, 25 missing
[2026-06-11 12:02:54] CIRCUIT_BREAKER TRIGGERED: 知识库完整性检查失败: 0个文件被篡改, 25个文件缺失
[2026-06-11 12:02:54] Result: {'status': 'already_frozen', 'reason': '系统已处于熔断状态'}
[2026-06-11 12:02:54] Integrity Check Completed
[2026-06-11 12:02:54] ========================================
[2026-06-11 12:03:00] ========================================
[2026-06-11 12:03:00] Integrity Check Started
[2026-06-11 12:03:00] ISSUES FOUND: 0 tampered, 25 missing
[2026-06-11 12:03:00] CIRCUIT_BREAKER TRIGGERED: 知识库完整性检查失败: 0个文件被篡改, 25个文件缺失
[2026-06-11 12:03:00] Result: {'status': 'already_frozen', 'reason': '系统已处于熔断状态'}
[2026-06-11 12:03:00] Integrity Check Completed
[2026-06-11 12:03:00] ========================================
[2026-06-11 12:03:10] ========================================
[2026-06-11 12:03:10] Integrity Check Started
[2026-06-11 12:03:10] ISSUES FOUND: 0 tampered, 25 missing
[2026-06-11 12:03:10] CIRCUIT_BREAKER TRIGGERED: 知识库完整性检查失败: 0个文件被篡改, 25个文件缺失
[2026-06-11 12:03:10] Result: {'status': 'already_frozen', 'reason': '系统已处于熔断状态'}
[2026-06-11 12:03:10] Integrity Check Completed
[2026-06-11 12:03:10] ========================================
[2026-06-11 13:02:50] ========================================
[2026-06-11 13:02:50] Integrity Check Started
[2026-06-11 13:02:50] ISSUES FOUND: 0 tampered, 25 missing
[2026-06-11 13:02:50] CIRCUIT_BREAKER TRIGGERED: 知识库完整性检查失败: 0个文件被篡改, 25个文件缺失
[2026-06-11 13:02:50] Result: {'status': 'already_frozen', 'reason': '系统已处于熔断状态'}
[2026-06-11 13:02:50] Integrity Check Completed
[2026-06-11 13:02:50] ========================================
[2026-06-12 09:13:47] ========================================
[2026-06-12 09:13:47] Integrity Check Started
[2026-06-12 09:13:47] ISSUES FOUND: 0 tampered, 25 missing
[2026-06-12 09:13:47] CIRCUIT_BREAKER TRIGGERED: 知识库完整性检查失败: 0个文件被篡改, 25个文件缺失
[2026-06-12 09:13:47] Result: {'status': 'already_frozen', 'reason': '系统已处于熔断状态'}
[2026-06-12 09:13:47] Integrity Check Completed
[2026-06-12 09:13:47] ========================================
